I'll start by reading the OPERATOR.md file with the CEVAP lines.
[tool: Bash]
[tool: Bash]
[tool: Bash]
[tool: Bash]
[tool: Bash]
[tool: Bash]
[tool: Bash]
[tool: Bash]
[tool: Bash]
[tool: Bash]
[tool: Bash]
[tool: Bash]
[tool: Bash]
[tool: Bash]
[tool: Bash]
Bug confirmed on real data. Now writing the test that turns red first.
[tool: Write]
[tool: Bash]
RED, as predicted. But the live assertion is too weak (1 of 425). Strengthening it to agree with a stock parser:
[tool: Edit]
[tool: Bash]
Field measurement: stock parser **414 calls / 136.8M cache-read tokens**; rabadon reads **1 call / 0 tokens**. Committing the red test alone first.
[tool: Bash]
Now the fix — read the top-level key at depth 1, not "the first one on the line".
[tool: Edit]
[tool: Read]
[tool: Edit]
[tool: Edit]
[tool: Bash]
Green, byte-exact with a stock parser on a real 425-line transcript. Now checking the rest of the suite for regressions.
[tool: Bash]
[tool: Bash]
No regressions. Now CEVAP 2 item (2) — the fixtures that masked the bug.
[tool: Bash]
[tool: Bash]
[tool: Bash]
[tool: Bash]
[tool: Bash]
[tool: Edit]
[tool: Read]
[tool: Edit]
Now the three shell fixtures:
[tool: Read]
[tool: Read]
[tool: Edit]
[tool: Edit]
[tool: Edit]
[tool: Read]
[tool: Edit]
[tool: Bash]
Now proving the new fixtures actually catch the bug — reverting the fix temporarily:
[tool: Bash]
The mask is gone — 16 assertions across 4 consumer tests now go red on the buggy meter. Committing the fix and the fixtures separately.
[tool: Bash]
[tool: Bash]
[tool: Bash]
[tool: Bash]
[tool: Read]
[tool: Edit]
[tool: Bash]
While the suite runs — CEVAP 3. First verifying the operator's claim that `bench/pre-verify.sh` doesn't exist:
[tool: Bash]
Confirmed — `bench/pre-verify.sh` does not exist anywhere; the real file is `reports/R7/ab_run.sh`.
[tool: Bash]
[tool: Bash]
[tool: Bash]
[tool: Bash]
[tool: Bash]
[tool: Bash]
Conan's exclusion reason looks wrong — that's a harness error, not an environment collapse. Verifying:
[tool: Bash]
[tool: Bash]
[tool: Bash]
[tool: Bash]
Now implementing CEVAP 3's seven-item form in `reports/R7/ab_run.sh`:
[tool: Read]
[tool: Edit]
[tool: Edit]
Now the pre-verification block — two runs, intersection, exclusion file:
[tool: Edit]
Now item 5 — the exclusion lands in the JSONL:
[tool: Edit]
[tool: Edit]
[tool: Bash]
[tool: Bash]
[tool: Bash]
[tool: Bash]
[tool: Read]
[tool: Read]
[tool: Edit]
[tool: Bash]
[tool: Bash]
[tool: Bash]
[tool: Bash]
[tool: Bash]
Full suite: **rc=0, 3438 assertions ok, 0 failures.** Now the pre-registration amendment (criteria first, in its own commit):
[tool: Bash]
[tool: Bash]
[tool: Bash]
Before running — a shell bug in my own arithmetic:
[tool: Edit]
[tool: Bash]
Now running the pre-verification for all six instances — no agent sessions, no money spent:
[tool: Bash]
[tool: Bash]
AppleSpell has been burning 111% CPU for 3h39m (not ours — but it will skew any latency measurement). Pre-verification is pass/fail, so proceeding:
[tool: Bash]
While that runs — CEVAP 1's report wording, plus the operator's verification queue. Delegating the two ledger questions:
[tool: Agent]
[tool: Bash]
[tool: Bash]
[tool: Bash]
[tool: Bash]
[tool: Bash]
[tool: Bash]
[tool: Bash]
[tool: Bash]
[tool: Bash]
[tool: Bash]
[tool: Bash]
[tool: Bash]
[tool: Bash]
[tool: Bash]
[tool: Bash]
[tool: Bash]
[tool: Bash]
[tool: Bash]
[tool: Bash]
[tool: Bash]
Conan passes pre-verification (P2P 3/3) — it was excluded purely by our argfile bug, exactly as measured.
[tool: Bash]
While it finishes, CEVAP 1 — the report wording. Reading the current report and the 6e/7b criteria:
[tool: Bash]
[tool: Bash]
[tool: Bash]
The rule worked exactly as specified — 2 excluded on astroid (the two named tests, deterministic across both runs), all six now admitted:
[tool: Bash]
[tool: Bash]
[tool: Bash]
[tool: Edit]
[tool: Bash]
[tool: Read]
[tool: Edit]
[tool: Bash]
The "Ne kadarı koşuldu" table is now stale — its exclusion reasons were disproved. Correcting it:
[tool: Edit]
Now the DENEMELER entry (B1 rule 4) and push:
[tool: Bash]
[tool: Bash]
[tool: Bash]
Tüm adımlar commit'lendi ve push'landı.

## Yapılanlar

**CEVAP 2 — P0 bug (test-önce, üç ayrı commit)**

Doğrulandı ve iddia edilenden ağır çıktı. Gerçek transcript'te `message` üst seviye `type`'tan önce geliyor, o yüzden ilk `"type"` her satırda `"message"`. Gerçek 425 satırlık bir transcript'te:

| | çağrı | cache-read token |
|---|---|---|
| stok json ayrıştırıcı | 414 | 136 816 678 |
| rabadon (önce) | 1 | 0 |
| rabadon (sonra) | 414 | 136 816 678 |

"Satırda `"type":"assistant"` ara" düzeltmesini **reddettim**: bu deponun logları fixture şekilli satırları ajan metninin içinde alıntılıyor, o arama olmayan faturalı çağrılar icat ederdi. `value_at_depth()` satırı string-farkında tarayıp anahtarı sadece verilen derinlikte eşleştiriyor.

Fixture'lar gerçek anahtar sırasına çevrildi. **Maskenin kalktığının kanıtı:** sayaç eski predikata döndürülüp yeniden derlendi → session 13/2, budget 8/3, export 24/2, lens 12/9 **kırmızı**. Düzeltmeyle dördü de yeşil.

```
./native/usage_order_test.sh   -> 9 passed, 0 failed   (düzeltmeden önce 4 kırmızı)
make test                      -> rc=0, 3438 ok, 0 fail
```

**CEVAP 3 — yedi madde uygulandı, ve dördüncü harness hatası çıktı**

conan'ın "ortam çöküşü" gerekçesi çürüdü. Log'un tamamı: `ERROR: file or directory not found: @.nodeids`. Node id'ler pytest'e `@dosya` argfile'ıyla veriliyordu — o pytest sürümüne bağlı ve eskilerde yok. Argümanla geçince conan **3/3 geçti**.

Ön-doğrulama altı instance için yeniden koşuldu (`PREVER_ONLY=1`, hiçbir ajan, hiçbir para): **altısı da geçiyor.** astroid'de dışlanan tam olarak senin adını verdiğin iki test — iki ayrı koşunun kesişimi, üçüncü aday yok, flake yok. Yediye ek olarak ilan edilmiş bir %10 çöküş tavanı koydum: "hepsini dışla" hiçbir koşulda yeşile dönemez.

**CEVAP 1** — 6e/7b kırmızı, R7 23/25, ön-kayda dokunulmadı. Raporda "rabadon tasarruf sayısını üretemiyor" diye, ürün boşluğu olarak yazıldı. Yayın yasağı kayıtlı.

## Sorulmayan ama önemli (§5.5 dökümü)

- **Desen:** tur 14'te elenen üç instance harness hatasıydı, bu dördüncüsü. **N'i bugüne kadar bastıran şey instance kalitesi değil, bizim harness'ımızdı** — üç tur boyunca "instance bozuk" diye okundu.
- **B kolu ledger'ında yalnız `STEP_START` var.** COUNTER/RUN_DONE yok (settings sadece `PreToolUse`, COUNTER ise `SessionEnd`/`Stop`'ta) — ama **INJECT ve SIGNAL de yok**. Yani iki kollu koşu bugüne kadar "kaydeden ama ajana hiç konuşmayan" bir rabadon'u ölçmüş olabilir; 2-2 bölünme bunun beklenen sonucu olurdu. ÖLÇÜLMEDİ, PARKED'e yazıldı.
- **`P2P_CAP` kırılganlığı:** astroid'in düşen iki testi 1584'lük listenin 62. ve 97. sırasında. Cap 50 olsaydı astroid "temiz" görünürdü.
- A kolundaki COUNTER satırı karantinaya alınmış koşuya ait (103 sn ↔ `ab_run_INVALID_global_hook.jsonl`); geçerli koşuda kontrol kolu temiz.
- Makinede `AppleSpell` 3s39dk'dır %111 CPU yakıyor — bizim yetim sürecimiz değil (`pgrep pytest|pip` = 0), ama latans ölçen tur önce bunu temizlemeli.

## DOĞRULANMADI

- N=6 koşusu **koşulmadı** — kollar gerçek para harcıyor, kararı vermedim. Rapordaki dört-görevlik sayılar hâlâ tur 14'ün ham kaydı.
- `median_n:0` bariyeri (`MIN_HISTORY=3`) açık; predikat düzelse de 6e bu turda kapanmaz — senin de yazdığın beklenen sonuç.
- Düzeltme temiz konteynerde denenmedi; `usage_order_test.sh`'in canlı kolu transcript yoksa SKIP basar, sessiz geçmez.
- 2b latansı (2459 µs / tavan 1000 µs) kırmızı, kapsam dışı.

## Sıradaki tek iş — senin kararın

conan ön-doğrulamayı geçiyor ama ON-KAYIT §2'nin ayrı gerekçesi (P2P yalnız 3 test, `heldout_pass`'i ucuzlatır) hâlâ geçerli. Betik onu otomatik `KOSUYA_ALINDI` yaptı; **N=6 mı N=5 mi koşulacak, ve kollar koşulacak mı** — ikisi de para harcayan kararlar, ellemedim.
Tüm adımlar commit'lendi ve push'landı.

## Yapılanlar

**CEVAP 2 — P0 bug (test-önce, üç ayrı commit)**

Doğrulandı ve iddia edilenden ağır çıktı. Gerçek transcript'te `message` üst seviye `type`'tan önce geliyor, o yüzden ilk `"type"` her satırda `"message"`. Gerçek 425 satırlık bir transcript'te:

| | çağrı | cache-read token |
|---|---|---|
| stok json ayrıştırıcı | 414 | 136 816 678 |
| rabadon (önce) | 1 | 0 |
| rabadon (sonra) | 414 | 136 816 678 |

"Satırda `"type":"assistant"` ara" düzeltmesini **reddettim**: bu deponun logları fixture şekilli satırları ajan metninin içinde alıntılıyor, o arama olmayan faturalı çağrılar icat ederdi. `value_at_depth()` satırı string-farkında tarayıp anahtarı sadece verilen derinlikte eşleştiriyor.

Fixture'lar gerçek anahtar sırasına çevrildi. **Maskenin kalktığının kanıtı:** sayaç eski predikata döndürülüp yeniden derlendi → session 13/2, budget 8/3, export 24/2, lens 12/9 **kırmızı**. Düzeltmeyle dördü de yeşil.

```
./native/usage_order_test.sh   -> 9 passed, 0 failed   (düzeltmeden önce 4 kırmızı)
make test                      -> rc=0, 3438 ok, 0 fail
```

**CEVAP 3 — yedi madde uygulandı, ve dördüncü harness hatası çıktı**

conan'ın "ortam çöküşü" gerekçesi çürüdü. Log'un tamamı: `ERROR: file or directory not found: @.nodeids`. Node id'ler pytest'e `@dosya` argfile'ıyla veriliyordu — o pytest sürümüne bağlı ve eskilerde yok. Argümanla geçince conan **3/3 geçti**.

Ön-doğrulama altı instance için yeniden koşuldu (`PREVER_ONLY=1`, hiçbir ajan, hiçbir para): **altısı da geçiyor.** astroid'de dışlanan tam olarak senin adını verdiğin iki test — iki ayrı koşunun kesişimi, üçüncü aday yok, flake yok. Yediye ek olarak ilan edilmiş bir %10 çöküş tavanı koydum: "hepsini dışla" hiçbir koşulda yeşile dönemez.

**CEVAP 1** — 6e/7b kırmızı, R7 23/25, ön-kayda dokunulmadı. Raporda "rabadon tasarruf sayısını üretemiyor" diye, ürün boşluğu olarak yazıldı. Yayın yasağı kayıtlı.

## Sorulmayan ama önemli (§5.5 dökümü)

- **Desen:** tur 14'te elenen üç instance harness hatasıydı, bu dördüncüsü. **N'i bugüne kadar bastıran şey instance kalitesi değil, bizim harness'ımızdı** — üç tur boyunca "instance bozuk" diye okundu.
- **B kolu ledger'ında yalnız `STEP_START` var.** COUNTER/RUN_DONE yok (settings sadece `PreToolUse`, COUNTER ise `SessionEnd`/`Stop`'ta) — ama **INJECT ve SIGNAL de yok**. Yani iki kollu koşu bugüne kadar "kaydeden ama ajana hiç konuşmayan" bir rabadon'u ölçmüş olabilir; 2-2 bölünme bunun beklenen sonucu olurdu. ÖLÇÜLMEDİ, PARKED'e yazıldı.
- **`P2P_CAP` kırılganlığı:** astroid'in düşen iki testi 1584'lük listenin 62. ve 97. sırasında. Cap 50 olsaydı astroid "temiz" görünürdü.
- A kolundaki COUNTER satırı karantinaya alınmış koşuya ait (103 sn ↔ `ab_run_INVALID_global_hook.jsonl`); geçerli koşuda kontrol kolu temiz.
- Makinede `AppleSpell` 3s39dk'dır %111 CPU yakıyor — bizim yetim sürecimiz değil (`pgrep pytest|pip` = 0), ama latans ölçen tur önce bunu temizlemeli.

## DOĞRULANMADI

- N=6 koşusu **koşulmadı** — kollar gerçek para harcıyor, kararı vermedim. Rapordaki dört-görevlik sayılar hâlâ tur 14'ün ham kaydı.
- `median_n:0` bariyeri (`MIN_HISTORY=3`) açık; predikat düzelse de 6e bu turda kapanmaz — senin de yazdığın beklenen sonuç.
- Düzeltme temiz konteynerde denenmedi; `usage_order_test.sh`'in canlı kolu transcript yoksa SKIP basar, sessiz geçmez.
- 2b latansı (2459 µs / tavan 1000 µs) kırmızı, kapsam dışı.

## Sıradaki tek iş — senin kararın

conan ön-doğrulamayı geçiyor ama ON-KAYIT §2'nin ayrı gerekçesi (P2P yalnız 3 test, `heldout_pass`'i ucuzlatır) hâlâ geçerli. Betik onu otomatik `KOSUYA_ALINDI` yaptı; **N=6 mı N=5 mi koşulacak, ve kollar koşulacak mı** — ikisi de para harcayan kararlar, ellemedim.
