2026-08-25T01:25:56  2b ORNEKLEYICI basladi: ornek=3 ara=600s cekirdek=8
2026-08-25T01:25:56  baslangic yuku:  4.28 3.28 2.41 
2026-08-25T01:25:56  --- ornek 1/3: accept.sh kosuluyor (yuk  4.28 3.28 2.41 )
2026-08-25T01:26:44  ornek 1: medyan 1483.0 us | == R7 acceptance: 23 green, 3 red
2026-08-25T01:27:44  bekleme 60/600s (siradaki ornek icin) — anlik yuk:  11.04 5.52 3.35 
2026-08-25T01:28:44  bekleme 120/600s (siradaki ornek icin) — anlik yuk:  6.82 5.37 3.45 
2026-08-25T01:29:44  bekleme 180/600s (siradaki ornek icin) — anlik yuk:  5.88 5.39 3.58 
2026-08-25T01:30:44  bekleme 240/600s (siradaki ornek icin) — anlik yuk:  4.18 5.03 3.57 
2026-08-25T01:31:44  bekleme 300/600s (siradaki ornek icin) — anlik yuk:  3.81 4.79 3.58 
2026-08-25T01:32:44  bekleme 360/600s (siradaki ornek icin) — anlik yuk:  3.35 4.54 3.57 
2026-08-25T01:33:44  bekleme 420/600s (siradaki ornek icin) — anlik yuk:  4.30 4.69 3.70 
2026-08-25T01:34:44  bekleme 480/600s (siradaki ornek icin) — anlik yuk:  3.77 4.47 3.68 
2026-08-25T01:35:44  bekleme 540/600s (siradaki ornek icin) — anlik yuk:  3.27 4.20 3.63 
2026-08-25T01:36:44  bekleme 600/600s (siradaki ornek icin) — anlik yuk:  3.54 4.05 3.61 
2026-08-25T01:36:44  --- ornek 2/3: accept.sh kosuluyor (yuk  3.54 4.05 3.61 )
2026-08-25T01:37:33  ornek 2: medyan 1680.6 us | == R7 acceptance: 23 green, 3 red
2026-08-25T01:38:33  bekleme 60/600s (siradaki ornek icin) — anlik yuk:  7.22 4.92 3.98 
2026-08-25T01:39:33  bekleme 120/600s (siradaki ornek icin) — anlik yuk:  4.62 4.59 3.92 
2026-08-25T01:40:33  bekleme 180/600s (siradaki ornek icin) — anlik yuk:  4.58 4.59 3.96 
2026-08-25T01:41:33  bekleme 240/600s (siradaki ornek icin) — anlik yuk:  4.73 4.68 4.04 
2026-08-25T01:42:33  bekleme 300/600s (siradaki ornek icin) — anlik yuk:  4.56 4.68 4.08 
2026-08-25T01:43:33  bekleme 360/600s (siradaki ornek icin) — anlik yuk:  4.02 4.52 4.06 
2026-08-25T01:44:33  bekleme 420/600s (siradaki ornek icin) — anlik yuk:  3.07 4.16 3.96 
2026-08-25T01:45:33  bekleme 480/600s (siradaki ornek icin) — anlik yuk:  2.84 3.89 3.87 
2026-08-25T01:46:33  bekleme 540/600s (siradaki ornek icin) — anlik yuk:  4.52 4.10 3.95 
2026-08-25T01:47:33  bekleme 600/600s (siradaki ornek icin) — anlik yuk:  4.25 4.09 3.95 
2026-08-25T01:47:33  --- ornek 3/3: accept.sh kosuluyor (yuk  4.25 4.09 3.95 )
2026-08-25T01:48:11  ornek 3: medyan 1381.8 us | == R7 acceptance: 23 green, 3 red
2026-08-25T01:48:11  gecerli gozlem: 3/3 | hepsi: 1483.0 1680.6 1381.8 | EN DUSUK 1381.8 us
2026-08-25T01:48:11  HUKUM: 2b BELIRSIZ — bu makinede kirmizi; temiz tavan <= 1381.8 us.
