===== A) HARDENED TEST, UNTOUCHED PRODUCT — expect GREEN =====
rabadon sandbox: NO usable kernel backend — bwrap is not installed — apt install bubblewrap
--check EXIT=1
sandbox: kernel-enforced guard.json
  ok   - a guard deny rule refuses through exec (exit 2, the command never ran)
  ok   - the refusal names the rule id and its reason
  ok   - the exec refusal is written to the ledger (CHECK_FAIL + STOP, rule named)
  ok   - exec writes through the SAME hash chain (audit: INTACT)
  ok   - a baseline law (force-push to a shared branch) refuses through exec, with no guard.json at all
  ok   - the same law fires on bare argv too (no shell to unwrap)
  ok   - disabled[] still silences a rule through exec (the fix did not swallow the override)
  ok   - an unforbidden command still runs through exec (exit 0)
  skip - no kernel sandbox backend on this platform — enforcement tests skipped (--check is honest about it)
  ok   - --check reports the absence honestly
sandbox: 9 passed, 0 failed
sandbox_test.sh EXIT=0

===== B) MUTATION: break the shipped string in sandbox.cpp — expect RED =====
365:    printf("rabadon sandbox: NO kernel backend at all — %s\n", why_not());
rabadon sandbox: NO kernel backend at all — bwrap is not installed — apt install bubblewrap
--check EXIT=1
sandbox: kernel-enforced guard.json
  ok   - a guard deny rule refuses through exec (exit 2, the command never ran)
  ok   - the refusal names the rule id and its reason
  ok   - the exec refusal is written to the ledger (CHECK_FAIL + STOP, rule named)
  ok   - exec writes through the SAME hash chain (audit: INTACT)
  ok   - a baseline law (force-push to a shared branch) refuses through exec, with no guard.json at all
  ok   - the same law fires on bare argv too (no shell to unwrap)
  ok   - disabled[] still silences a rule through exec (the fix did not swallow the override)
  ok   - an unforbidden command still runs through exec (exit 0)
  skip - no kernel sandbox backend on this platform — enforcement tests skipped (--check is honest about it)
  FAIL - --check message
sandbox: 8 passed, 1 failed
sandbox_test.sh EXIT=1 (MUTANT)

===== C) RESTORE — expect GREEN again =====
sandbox: kernel-enforced guard.json
  ok   - a guard deny rule refuses through exec (exit 2, the command never ran)
  ok   - the refusal names the rule id and its reason
  ok   - the exec refusal is written to the ledger (CHECK_FAIL + STOP, rule named)
  ok   - exec writes through the SAME hash chain (audit: INTACT)
  ok   - a baseline law (force-push to a shared branch) refuses through exec, with no guard.json at all
  ok   - the same law fires on bare argv too (no shell to unwrap)
  ok   - disabled[] still silences a rule through exec (the fix did not swallow the override)
  ok   - an unforbidden command still runs through exec (exit 0)
  skip - no kernel sandbox backend on this platform — enforcement tests skipped (--check is honest about it)
  ok   - --check reports the absence honestly
sandbox: 9 passed, 0 failed
sandbox_test.sh EXIT=0
