f1e-a — EMPTY-GREEN CHECK (KOSU-RABADON-5 8.2) for the expanded native/status_truth_test.sh

The expanded suite was copied onto a detached worktree at the PRE-PHASE HEAD
(05ab1ac, gate.cpp untouched), rebuilt there, and run. If the new cells passed
against the binary that produced the measured defect, they would be measuring
nothing.

  $ git worktree add --detach /tmp/f1e-pre 05ab1ac
  $ cp native/status_truth_test.sh /tmp/f1e-pre/native/
  $ (cd /tmp/f1e-pre && make all && bash native/status_truth_test.sh)

VERBATIM OUTPUT (ok lines kept in full):
----------------------------------------------------------------------
status truth: what the CLI claims vs what the real gate does

  ok   - [mode=watch projoff=no RABADON_OFF=no silent=no] status — claim WATCH, gate exit 0 / 296 bytes (matches WATCH)
  ok   - [mode=watch projoff=no RABADON_OFF=no silent=no] status/lamp — status says WATCH and the lamp says "watch"
  ok   - [mode=watch projoff=no RABADON_OFF=no silent=no] after `rabadon on` — claim ON, gate exit 2 / 399 bytes (matches ENFORCE)
  ok   - [mode=watch projoff=no RABADON_OFF=no silent=no] after `rabadon off` — claim WATCH, gate exit 0 / 296 bytes (matches WATCH)
  ok   - [mode=watch projoff=no RABADON_OFF=no silent=yes] status — claim SILENT, gate exit 0 / 0 bytes (matches SILENT)
  ok   - [mode=watch projoff=no RABADON_OFF=no silent=yes] status/lamp — status says SILENT and the lamp says "off"
  ok   - [mode=watch projoff=no RABADON_OFF=no silent=yes] status/4.8 silent — the screen names silent, where it is, and the one command that lifts it
  ok   - [mode=watch projoff=no RABADON_OFF=no silent=yes] after `rabadon on` — claim ON, gate exit 2 / 399 bytes (matches ENFORCE)
  ok   - [mode=watch projoff=no RABADON_OFF=no silent=yes] after `rabadon off` — claim WATCH, gate exit 0 / 296 bytes (matches WATCH)
  ok   - [mode=watch projoff=no RABADON_OFF=yes silent=no] status — claim SILENT, gate exit 0 / 0 bytes (matches SILENT)
  ok   - [mode=watch projoff=no RABADON_OFF=yes silent=no] status/lamp — status says SILENT and the lamp says "off"
  ok   - [mode=watch projoff=no RABADON_OFF=yes silent=no] status/4.8 env — the screen names RABADON_OFF, where it is, and the one command that lifts it
  ok   - [mode=watch projoff=no RABADON_OFF=yes silent=no] after `rabadon on` — claim SILENT, gate exit 0 / 0 bytes (matches SILENT)
  ok   - [mode=watch projoff=no RABADON_OFF=yes silent=no] after `rabadon off` — claim SILENT, gate exit 0 / 0 bytes (matches SILENT)
  ok   - [mode=watch projoff=no RABADON_OFF=yes silent=yes] status — claim SILENT, gate exit 0 / 0 bytes (matches SILENT)
  ok   - [mode=watch projoff=no RABADON_OFF=yes silent=yes] status/lamp — status says SILENT and the lamp says "off"
  ok   - [mode=watch projoff=no RABADON_OFF=yes silent=yes] status/4.8 env — the screen names RABADON_OFF, where it is, and the one command that lifts it
  ok   - [mode=watch projoff=no RABADON_OFF=yes silent=yes] status/4.8 silent — the screen names silent, where it is, and the one command that lifts it
  ok   - [mode=watch projoff=no RABADON_OFF=yes silent=yes] after `rabadon on` — claim SILENT, gate exit 0 / 0 bytes (matches SILENT)
  ok   - [mode=watch projoff=no RABADON_OFF=yes silent=yes] after `rabadon off` — claim SILENT, gate exit 0 / 0 bytes (matches SILENT)
  ok   - [mode=watch projoff=yes RABADON_OFF=no silent=no] status — claim SILENT, gate exit 0 / 0 bytes (matches SILENT)
  ok   - [mode=watch projoff=yes RABADON_OFF=no silent=no] status/lamp — status says SILENT and the lamp says "off"
  ok   - [mode=watch projoff=yes RABADON_OFF=no silent=no] status/4.8 project — the screen names .rabadon/off, where it is, and the one command that lifts it
  ok   - [mode=watch projoff=yes RABADON_OFF=no silent=no] after `rabadon on` — claim SILENT, gate exit 0 / 0 bytes (matches SILENT)
  ok   - [mode=watch projoff=yes RABADON_OFF=no silent=no] after `rabadon off` — claim SILENT, gate exit 0 / 0 bytes (matches SILENT)
  ok   - [mode=watch projoff=yes RABADON_OFF=no silent=yes] status — claim SILENT, gate exit 0 / 0 bytes (matches SILENT)
  ok   - [mode=watch projoff=yes RABADON_OFF=no silent=yes] status/lamp — status says SILENT and the lamp says "off"
  ok   - [mode=watch projoff=yes RABADON_OFF=no silent=yes] status/4.8 project — the screen names .rabadon/off, where it is, and the one command that lifts it
  ok   - [mode=watch projoff=yes RABADON_OFF=no silent=yes] status/4.8 silent — the screen names silent, where it is, and the one command that lifts it
  ok   - [mode=watch projoff=yes RABADON_OFF=no silent=yes] after `rabadon on` — claim SILENT, gate exit 0 / 0 bytes (matches SILENT)
  ok   - [mode=watch projoff=yes RABADON_OFF=no silent=yes] after `rabadon off` — claim SILENT, gate exit 0 / 0 bytes (matches SILENT)
  ok   - [mode=watch projoff=yes RABADON_OFF=yes silent=no] status — claim SILENT, gate exit 0 / 0 bytes (matches SILENT)
  ok   - [mode=watch projoff=yes RABADON_OFF=yes silent=no] status/lamp — status says SILENT and the lamp says "off"
  ok   - [mode=watch projoff=yes RABADON_OFF=yes silent=no] status/4.8 env — the screen names RABADON_OFF, where it is, and the one command that lifts it
  ok   - [mode=watch projoff=yes RABADON_OFF=yes silent=no] status/4.8 project — the screen names .rabadon/off, where it is, and the one command that lifts it
  ok   - [mode=watch projoff=yes RABADON_OFF=yes silent=no] after `rabadon on` — claim SILENT, gate exit 0 / 0 bytes (matches SILENT)
  ok   - [mode=watch projoff=yes RABADON_OFF=yes silent=no] after `rabadon off` — claim SILENT, gate exit 0 / 0 bytes (matches SILENT)
  ok   - [mode=watch projoff=yes RABADON_OFF=yes silent=yes] status — claim SILENT, gate exit 0 / 0 bytes (matches SILENT)
  ok   - [mode=watch projoff=yes RABADON_OFF=yes silent=yes] status/lamp — status says SILENT and the lamp says "off"
  ok   - [mode=watch projoff=yes RABADON_OFF=yes silent=yes] status/4.8 env — the screen names RABADON_OFF, where it is, and the one command that lifts it
  ok   - [mode=watch projoff=yes RABADON_OFF=yes silent=yes] status/4.8 project — the screen names .rabadon/off, where it is, and the one command that lifts it
  ok   - [mode=watch projoff=yes RABADON_OFF=yes silent=yes] status/4.8 silent — the screen names silent, where it is, and the one command that lifts it
  ok   - [mode=watch projoff=yes RABADON_OFF=yes silent=yes] after `rabadon on` — claim SILENT, gate exit 0 / 0 bytes (matches SILENT)
  ok   - [mode=watch projoff=yes RABADON_OFF=yes silent=yes] after `rabadon off` — claim SILENT, gate exit 0 / 0 bytes (matches SILENT)
  ok   - [mode=enforce projoff=no RABADON_OFF=no silent=no] status — claim ON, gate exit 2 / 399 bytes (matches ENFORCE)
  ok   - [mode=enforce projoff=no RABADON_OFF=no silent=no] status/lamp — status says ON and the lamp says "on"
  ok   - [mode=enforce projoff=no RABADON_OFF=no silent=no] after `rabadon on` — claim ON, gate exit 2 / 399 bytes (matches ENFORCE)
  ok   - [mode=enforce projoff=no RABADON_OFF=no silent=no] after `rabadon off` — claim WATCH, gate exit 0 / 296 bytes (matches WATCH)
  ok   - [mode=enforce projoff=no RABADON_OFF=no silent=yes] status — claim SILENT, gate exit 0 / 0 bytes (matches SILENT)
  ok   - [mode=enforce projoff=no RABADON_OFF=no silent=yes] status/lamp — status says SILENT and the lamp says "off"
  ok   - [mode=enforce projoff=no RABADON_OFF=no silent=yes] status/4.8 silent — the screen names silent, where it is, and the one command that lifts it
  ok   - [mode=enforce projoff=no RABADON_OFF=no silent=yes] after `rabadon on` — claim ON, gate exit 2 / 399 bytes (matches ENFORCE)
  ok   - [mode=enforce projoff=no RABADON_OFF=no silent=yes] after `rabadon off` — claim WATCH, gate exit 0 / 296 bytes (matches WATCH)
  ok   - [mode=enforce projoff=no RABADON_OFF=yes silent=no] status — claim SILENT, gate exit 0 / 0 bytes (matches SILENT)
  ok   - [mode=enforce projoff=no RABADON_OFF=yes silent=no] status/lamp — status says SILENT and the lamp says "off"
  ok   - [mode=enforce projoff=no RABADON_OFF=yes silent=no] status/4.8 env — the screen names RABADON_OFF, where it is, and the one command that lifts it
  ok   - [mode=enforce projoff=no RABADON_OFF=yes silent=no] after `rabadon on` — claim SILENT, gate exit 0 / 0 bytes (matches SILENT)
  ok   - [mode=enforce projoff=no RABADON_OFF=yes silent=no] after `rabadon off` — claim SILENT, gate exit 0 / 0 bytes (matches SILENT)
  ok   - [mode=enforce projoff=no RABADON_OFF=yes silent=yes] status — claim SILENT, gate exit 0 / 0 bytes (matches SILENT)
  ok   - [mode=enforce projoff=no RABADON_OFF=yes silent=yes] status/lamp — status says SILENT and the lamp says "off"
  ok   - [mode=enforce projoff=no RABADON_OFF=yes silent=yes] status/4.8 env — the screen names RABADON_OFF, where it is, and the one command that lifts it
  ok   - [mode=enforce projoff=no RABADON_OFF=yes silent=yes] status/4.8 silent — the screen names silent, where it is, and the one command that lifts it
  ok   - [mode=enforce projoff=no RABADON_OFF=yes silent=yes] after `rabadon on` — claim SILENT, gate exit 0 / 0 bytes (matches SILENT)
  ok   - [mode=enforce projoff=no RABADON_OFF=yes silent=yes] after `rabadon off` — claim SILENT, gate exit 0 / 0 bytes (matches SILENT)
  ok   - [mode=enforce projoff=yes RABADON_OFF=no silent=no] status — claim SILENT, gate exit 0 / 0 bytes (matches SILENT)
  ok   - [mode=enforce projoff=yes RABADON_OFF=no silent=no] status/lamp — status says SILENT and the lamp says "off"
  ok   - [mode=enforce projoff=yes RABADON_OFF=no silent=no] status/4.8 project — the screen names .rabadon/off, where it is, and the one command that lifts it
  ok   - [mode=enforce projoff=yes RABADON_OFF=no silent=no] after `rabadon on` — claim SILENT, gate exit 0 / 0 bytes (matches SILENT)
  ok   - [mode=enforce projoff=yes RABADON_OFF=no silent=no] after `rabadon off` — claim SILENT, gate exit 0 / 0 bytes (matches SILENT)
  ok   - [mode=enforce projoff=yes RABADON_OFF=no silent=yes] status — claim SILENT, gate exit 0 / 0 bytes (matches SILENT)
  ok   - [mode=enforce projoff=yes RABADON_OFF=no silent=yes] status/lamp — status says SILENT and the lamp says "off"
  ok   - [mode=enforce projoff=yes RABADON_OFF=no silent=yes] status/4.8 project — the screen names .rabadon/off, where it is, and the one command that lifts it
  ok   - [mode=enforce projoff=yes RABADON_OFF=no silent=yes] status/4.8 silent — the screen names silent, where it is, and the one command that lifts it
  ok   - [mode=enforce projoff=yes RABADON_OFF=no silent=yes] after `rabadon on` — claim SILENT, gate exit 0 / 0 bytes (matches SILENT)
  ok   - [mode=enforce projoff=yes RABADON_OFF=no silent=yes] after `rabadon off` — claim SILENT, gate exit 0 / 0 bytes (matches SILENT)
  ok   - [mode=enforce projoff=yes RABADON_OFF=yes silent=no] status — claim SILENT, gate exit 0 / 0 bytes (matches SILENT)
  ok   - [mode=enforce projoff=yes RABADON_OFF=yes silent=no] status/lamp — status says SILENT and the lamp says "off"
  ok   - [mode=enforce projoff=yes RABADON_OFF=yes silent=no] status/4.8 env — the screen names RABADON_OFF, where it is, and the one command that lifts it
  ok   - [mode=enforce projoff=yes RABADON_OFF=yes silent=no] status/4.8 project — the screen names .rabadon/off, where it is, and the one command that lifts it
  ok   - [mode=enforce projoff=yes RABADON_OFF=yes silent=no] after `rabadon on` — claim SILENT, gate exit 0 / 0 bytes (matches SILENT)
  ok   - [mode=enforce projoff=yes RABADON_OFF=yes silent=no] after `rabadon off` — claim SILENT, gate exit 0 / 0 bytes (matches SILENT)
  ok   - [mode=enforce projoff=yes RABADON_OFF=yes silent=yes] status — claim SILENT, gate exit 0 / 0 bytes (matches SILENT)
  ok   - [mode=enforce projoff=yes RABADON_OFF=yes silent=yes] status/lamp — status says SILENT and the lamp says "off"
  ok   - [mode=enforce projoff=yes RABADON_OFF=yes silent=yes] status/4.8 env — the screen names RABADON_OFF, where it is, and the one command that lifts it
  ok   - [mode=enforce projoff=yes RABADON_OFF=yes silent=yes] status/4.8 project — the screen names .rabadon/off, where it is, and the one command that lifts it
  ok   - [mode=enforce projoff=yes RABADON_OFF=yes silent=yes] status/4.8 silent — the screen names silent, where it is, and the one command that lifts it
  ok   - [mode=enforce projoff=yes RABADON_OFF=yes silent=yes] after `rabadon on` — claim SILENT, gate exit 0 / 0 bytes (matches SILENT)
  ok   - [mode=enforce projoff=yes RABADON_OFF=yes silent=yes] after `rabadon off` — claim SILENT, gate exit 0 / 0 bytes (matches SILENT)

escape doors: the command the screen prints must actually lift the silence
  ok   - [RABADON_MODE=unset projmode=none machmode=watch] status — claim WATCH, gate exit 0 / 296 bytes (matches WATCH)
  ok   - [RABADON_MODE=unset projmode=none machmode=watch] status/lamp — status says WATCH and the lamp says "watch"
  ok   - [RABADON_MODE=unset projmode=none machmode=enforce] status — claim ON, gate exit 2 / 399 bytes (matches ENFORCE)
  ok   - [RABADON_MODE=unset projmode=none machmode=enforce] status/lamp — status says ON and the lamp says "on"
  ok   - [RABADON_MODE=unset projmode=none machmode=silent] status — claim SILENT, gate exit 0 / 0 bytes (matches SILENT)
  ok   - [RABADON_MODE=unset projmode=none machmode=silent] status/lamp — status says SILENT and the lamp says "off"
  FAIL - BLOCKED: [RABADON_MODE=unset projmode=none machmode=silent] 4.8 machine layer — the screen is missing: name("mode = silent") next("rabadon off"); why: supervision is overridden by mode = silent and the screen never says so, so the operator reads a mode that is not in force and has no way to find the override; run: (cd /tmp/rabadon-statustruth.tndFzf/d51/proj && RABADON_DIR=/tmp/rabadon-statustruth.tndFzf/d51/rabadon bash native/rabadon-cli.sh status)
  FAIL - BLOCKED: [RABADON_MODE=unset projmode=none machmode=silent] escape — the screen said SILENT and printed no `next:` command at all; why: 4.9 says every state has an exit and the operator is now dormant with nothing to run; run: (cd /tmp/rabadon-statustruth.tndFzf/d51/proj && RABADON_DIR=/tmp/rabadon-statustruth.tndFzf/d51/rabadon bash native/rabadon-cli.sh status)
  ok   - [RABADON_MODE=unset projmode=watch machmode=watch] status — claim WATCH, gate exit 0 / 296 bytes (matches WATCH)
  ok   - [RABADON_MODE=unset projmode=watch machmode=watch] status/lamp — status says WATCH and the lamp says "watch"
  ok   - [RABADON_MODE=unset projmode=watch machmode=enforce] status — claim WATCH, gate exit 0 / 296 bytes (matches WATCH)
  ok   - [RABADON_MODE=unset projmode=watch machmode=enforce] status/lamp — status says WATCH and the lamp says "watch"
  ok   - [RABADON_MODE=unset projmode=watch machmode=silent] status — claim WATCH, gate exit 0 / 296 bytes (matches WATCH)
  ok   - [RABADON_MODE=unset projmode=watch machmode=silent] status/lamp — status says WATCH and the lamp says "watch"
  ok   - [RABADON_MODE=unset projmode=silent machmode=watch] status — claim SILENT, gate exit 0 / 0 bytes (matches SILENT)
  ok   - [RABADON_MODE=unset projmode=silent machmode=watch] status/lamp — status says SILENT and the lamp says "off"
  FAIL - BLOCKED: [RABADON_MODE=unset projmode=silent machmode=watch] 4.8 project layer — the screen is missing: name(".rabadon/mode = silent") next("rm /tmp/rabadon-statustruth.tndFzf/d55/proj/.rabadon/mode"); why: supervision is overridden by .rabadon/mode = silent and the screen never says so, so the operator reads a mode that is not in force and has no way to find the override; run: (cd /tmp/rabadon-statustruth.tndFzf/d55/proj && RABADON_DIR=/tmp/rabadon-statustruth.tndFzf/d55/rabadon bash native/rabadon-cli.sh status)
  FAIL - BLOCKED: [RABADON_MODE=unset projmode=silent machmode=watch] escape — the screen said SILENT and printed no `next:` command at all; why: 4.9 says every state has an exit and the operator is now dormant with nothing to run; run: (cd /tmp/rabadon-statustruth.tndFzf/d55/proj && RABADON_DIR=/tmp/rabadon-statustruth.tndFzf/d55/rabadon bash native/rabadon-cli.sh status)
  ok   - [RABADON_MODE=unset projmode=silent machmode=enforce] status — claim SILENT, gate exit 0 / 0 bytes (matches SILENT)
  ok   - [RABADON_MODE=unset projmode=silent machmode=enforce] status/lamp — status says SILENT and the lamp says "off"
  FAIL - BLOCKED: [RABADON_MODE=unset projmode=silent machmode=enforce] 4.8 project layer — the screen is missing: name(".rabadon/mode = silent") next("rm /tmp/rabadon-statustruth.tndFzf/d56/proj/.rabadon/mode"); why: supervision is overridden by .rabadon/mode = silent and the screen never says so, so the operator reads a mode that is not in force and has no way to find the override; run: (cd /tmp/rabadon-statustruth.tndFzf/d56/proj && RABADON_DIR=/tmp/rabadon-statustruth.tndFzf/d56/rabadon bash native/rabadon-cli.sh status)
  FAIL - BLOCKED: [RABADON_MODE=unset projmode=silent machmode=enforce] escape — the screen said SILENT and printed no `next:` command at all; why: 4.9 says every state has an exit and the operator is now dormant with nothing to run; run: (cd /tmp/rabadon-statustruth.tndFzf/d56/proj && RABADON_DIR=/tmp/rabadon-statustruth.tndFzf/d56/rabadon bash native/rabadon-cli.sh status)
  ok   - [RABADON_MODE=unset projmode=silent machmode=silent] status — claim SILENT, gate exit 0 / 0 bytes (matches SILENT)
  ok   - [RABADON_MODE=unset projmode=silent machmode=silent] status/lamp — status says SILENT and the lamp says "off"
  FAIL - BLOCKED: [RABADON_MODE=unset projmode=silent machmode=silent] 4.8 project layer — the screen is missing: name(".rabadon/mode = silent") next("rm /tmp/rabadon-statustruth.tndFzf/d57/proj/.rabadon/mode"); why: supervision is overridden by .rabadon/mode = silent and the screen never says so, so the operator reads a mode that is not in force and has no way to find the override; run: (cd /tmp/rabadon-statustruth.tndFzf/d57/proj && RABADON_DIR=/tmp/rabadon-statustruth.tndFzf/d57/rabadon bash native/rabadon-cli.sh status)
  FAIL - BLOCKED: [RABADON_MODE=unset projmode=silent machmode=silent] 4.8 machine layer — the screen is missing: name("mode = silent") where("/tmp/rabadon-statustruth.tndFzf/d57/rabadon/mode") next("rabadon off"); why: supervision is overridden by mode = silent and the screen never says so, so the operator reads a mode that is not in force and has no way to find the override; run: (cd /tmp/rabadon-statustruth.tndFzf/d57/proj && RABADON_DIR=/tmp/rabadon-statustruth.tndFzf/d57/rabadon bash native/rabadon-cli.sh status)
  FAIL - BLOCKED: [RABADON_MODE=unset projmode=silent machmode=silent] escape — the screen said SILENT and printed no `next:` command at all; why: 4.9 says every state has an exit and the operator is now dormant with nothing to run; run: (cd /tmp/rabadon-statustruth.tndFzf/d57/proj && RABADON_DIR=/tmp/rabadon-statustruth.tndFzf/d57/rabadon bash native/rabadon-cli.sh status)
  ok   - [RABADON_MODE=silent projmode=none machmode=watch] status — claim SILENT, gate exit 0 / 0 bytes (matches SILENT)
  ok   - [RABADON_MODE=silent projmode=none machmode=watch] status/lamp — status says SILENT and the lamp says "off"
  FAIL - BLOCKED: [RABADON_MODE=silent projmode=none machmode=watch] 4.8 env layer — the screen is missing: name("RABADON_MODE=silent") next("unset RABADON_MODE"); why: supervision is overridden by RABADON_MODE=silent and the screen never says so, so the operator reads a mode that is not in force and has no way to find the override; run: (cd /tmp/rabadon-statustruth.tndFzf/d58/proj && RABADON_DIR=/tmp/rabadon-statustruth.tndFzf/d58/rabadon bash native/rabadon-cli.sh status)
  FAIL - BLOCKED: [RABADON_MODE=silent projmode=none machmode=watch] escape — the screen said SILENT and printed no `next:` command at all; why: 4.9 says every state has an exit and the operator is now dormant with nothing to run; run: (cd /tmp/rabadon-statustruth.tndFzf/d58/proj && RABADON_DIR=/tmp/rabadon-statustruth.tndFzf/d58/rabadon bash native/rabadon-cli.sh status)
  ok   - [RABADON_MODE=silent projmode=none machmode=enforce] status — claim SILENT, gate exit 0 / 0 bytes (matches SILENT)
  ok   - [RABADON_MODE=silent projmode=none machmode=enforce] status/lamp — status says SILENT and the lamp says "off"
  FAIL - BLOCKED: [RABADON_MODE=silent projmode=none machmode=enforce] 4.8 env layer — the screen is missing: name("RABADON_MODE=silent") next("unset RABADON_MODE"); why: supervision is overridden by RABADON_MODE=silent and the screen never says so, so the operator reads a mode that is not in force and has no way to find the override; run: (cd /tmp/rabadon-statustruth.tndFzf/d59/proj && RABADON_DIR=/tmp/rabadon-statustruth.tndFzf/d59/rabadon bash native/rabadon-cli.sh status)
  FAIL - BLOCKED: [RABADON_MODE=silent projmode=none machmode=enforce] escape — the screen said SILENT and printed no `next:` command at all; why: 4.9 says every state has an exit and the operator is now dormant with nothing to run; run: (cd /tmp/rabadon-statustruth.tndFzf/d59/proj && RABADON_DIR=/tmp/rabadon-statustruth.tndFzf/d59/rabadon bash native/rabadon-cli.sh status)
  ok   - [RABADON_MODE=silent projmode=none machmode=silent] status — claim SILENT, gate exit 0 / 0 bytes (matches SILENT)
  ok   - [RABADON_MODE=silent projmode=none machmode=silent] status/lamp — status says SILENT and the lamp says "off"
  FAIL - BLOCKED: [RABADON_MODE=silent projmode=none machmode=silent] 4.8 env layer — the screen is missing: name("RABADON_MODE=silent") next("unset RABADON_MODE"); why: supervision is overridden by RABADON_MODE=silent and the screen never says so, so the operator reads a mode that is not in force and has no way to find the override; run: (cd /tmp/rabadon-statustruth.tndFzf/d60/proj && RABADON_DIR=/tmp/rabadon-statustruth.tndFzf/d60/rabadon bash native/rabadon-cli.sh status)
  FAIL - BLOCKED: [RABADON_MODE=silent projmode=none machmode=silent] 4.8 machine layer — the screen is missing: name("mode = silent") where("/tmp/rabadon-statustruth.tndFzf/d60/rabadon/mode") next("rabadon off"); why: supervision is overridden by mode = silent and the screen never says so, so the operator reads a mode that is not in force and has no way to find the override; run: (cd /tmp/rabadon-statustruth.tndFzf/d60/proj && RABADON_DIR=/tmp/rabadon-statustruth.tndFzf/d60/rabadon bash native/rabadon-cli.sh status)
  FAIL - BLOCKED: [RABADON_MODE=silent projmode=none machmode=silent] escape — the screen said SILENT and printed no `next:` command at all; why: 4.9 says every state has an exit and the operator is now dormant with nothing to run; run: (cd /tmp/rabadon-statustruth.tndFzf/d60/proj && RABADON_DIR=/tmp/rabadon-statustruth.tndFzf/d60/rabadon bash native/rabadon-cli.sh status)
  ok   - [RABADON_MODE=silent projmode=watch machmode=watch] status — claim SILENT, gate exit 0 / 0 bytes (matches SILENT)
  ok   - [RABADON_MODE=silent projmode=watch machmode=watch] status/lamp — status says SILENT and the lamp says "off"
  FAIL - BLOCKED: [RABADON_MODE=silent projmode=watch machmode=watch] 4.8 env layer — the screen is missing: name("RABADON_MODE=silent") next("unset RABADON_MODE"); why: supervision is overridden by RABADON_MODE=silent and the screen never says so, so the operator reads a mode that is not in force and has no way to find the override; run: (cd /tmp/rabadon-statustruth.tndFzf/d61/proj && RABADON_DIR=/tmp/rabadon-statustruth.tndFzf/d61/rabadon bash native/rabadon-cli.sh status)
  FAIL - BLOCKED: [RABADON_MODE=silent projmode=watch machmode=watch] escape — the screen said SILENT and printed no `next:` command at all; why: 4.9 says every state has an exit and the operator is now dormant with nothing to run; run: (cd /tmp/rabadon-statustruth.tndFzf/d61/proj && RABADON_DIR=/tmp/rabadon-statustruth.tndFzf/d61/rabadon bash native/rabadon-cli.sh status)
  ok   - [RABADON_MODE=silent projmode=watch machmode=enforce] status — claim SILENT, gate exit 0 / 0 bytes (matches SILENT)
  ok   - [RABADON_MODE=silent projmode=watch machmode=enforce] status/lamp — status says SILENT and the lamp says "off"
  FAIL - BLOCKED: [RABADON_MODE=silent projmode=watch machmode=enforce] 4.8 env layer — the screen is missing: name("RABADON_MODE=silent") next("unset RABADON_MODE"); why: supervision is overridden by RABADON_MODE=silent and the screen never says so, so the operator reads a mode that is not in force and has no way to find the override; run: (cd /tmp/rabadon-statustruth.tndFzf/d62/proj && RABADON_DIR=/tmp/rabadon-statustruth.tndFzf/d62/rabadon bash native/rabadon-cli.sh status)
  FAIL - BLOCKED: [RABADON_MODE=silent projmode=watch machmode=enforce] escape — the screen said SILENT and printed no `next:` command at all; why: 4.9 says every state has an exit and the operator is now dormant with nothing to run; run: (cd /tmp/rabadon-statustruth.tndFzf/d62/proj && RABADON_DIR=/tmp/rabadon-statustruth.tndFzf/d62/rabadon bash native/rabadon-cli.sh status)
  ok   - [RABADON_MODE=silent projmode=watch machmode=silent] status — claim SILENT, gate exit 0 / 0 bytes (matches SILENT)
  ok   - [RABADON_MODE=silent projmode=watch machmode=silent] status/lamp — status says SILENT and the lamp says "off"
  FAIL - BLOCKED: [RABADON_MODE=silent projmode=watch machmode=silent] 4.8 env layer — the screen is missing: name("RABADON_MODE=silent") next("unset RABADON_MODE"); why: supervision is overridden by RABADON_MODE=silent and the screen never says so, so the operator reads a mode that is not in force and has no way to find the override; run: (cd /tmp/rabadon-statustruth.tndFzf/d63/proj && RABADON_DIR=/tmp/rabadon-statustruth.tndFzf/d63/rabadon bash native/rabadon-cli.sh status)
  FAIL - BLOCKED: [RABADON_MODE=silent projmode=watch machmode=silent] escape — the screen said SILENT and printed no `next:` command at all; why: 4.9 says every state has an exit and the operator is now dormant with nothing to run; run: (cd /tmp/rabadon-statustruth.tndFzf/d63/proj && RABADON_DIR=/tmp/rabadon-statustruth.tndFzf/d63/rabadon bash native/rabadon-cli.sh status)
  ok   - [RABADON_MODE=silent projmode=silent machmode=watch] status — claim SILENT, gate exit 0 / 0 bytes (matches SILENT)
  ok   - [RABADON_MODE=silent projmode=silent machmode=watch] status/lamp — status says SILENT and the lamp says "off"
  FAIL - BLOCKED: [RABADON_MODE=silent projmode=silent machmode=watch] 4.8 env layer — the screen is missing: name("RABADON_MODE=silent") next("unset RABADON_MODE"); why: supervision is overridden by RABADON_MODE=silent and the screen never says so, so the operator reads a mode that is not in force and has no way to find the override; run: (cd /tmp/rabadon-statustruth.tndFzf/d64/proj && RABADON_DIR=/tmp/rabadon-statustruth.tndFzf/d64/rabadon bash native/rabadon-cli.sh status)
  FAIL - BLOCKED: [RABADON_MODE=silent projmode=silent machmode=watch] 4.8 project layer — the screen is missing: name(".rabadon/mode = silent") where("/tmp/rabadon-statustruth.tndFzf/d64/proj/.rabadon/mode") next("rm /tmp/rabadon-statustruth.tndFzf/d64/proj/.rabadon/mode"); why: supervision is overridden by .rabadon/mode = silent and the screen never says so, so the operator reads a mode that is not in force and has no way to find the override; run: (cd /tmp/rabadon-statustruth.tndFzf/d64/proj && RABADON_DIR=/tmp/rabadon-statustruth.tndFzf/d64/rabadon bash native/rabadon-cli.sh status)
  FAIL - BLOCKED: [RABADON_MODE=silent projmode=silent machmode=watch] escape — the screen said SILENT and printed no `next:` command at all; why: 4.9 says every state has an exit and the operator is now dormant with nothing to run; run: (cd /tmp/rabadon-statustruth.tndFzf/d64/proj && RABADON_DIR=/tmp/rabadon-statustruth.tndFzf/d64/rabadon bash native/rabadon-cli.sh status)
  ok   - [RABADON_MODE=silent projmode=silent machmode=enforce] status — claim SILENT, gate exit 0 / 0 bytes (matches SILENT)
  ok   - [RABADON_MODE=silent projmode=silent machmode=enforce] status/lamp — status says SILENT and the lamp says "off"
  FAIL - BLOCKED: [RABADON_MODE=silent projmode=silent machmode=enforce] 4.8 env layer — the screen is missing: name("RABADON_MODE=silent") next("unset RABADON_MODE"); why: supervision is overridden by RABADON_MODE=silent and the screen never says so, so the operator reads a mode that is not in force and has no way to find the override; run: (cd /tmp/rabadon-statustruth.tndFzf/d65/proj && RABADON_DIR=/tmp/rabadon-statustruth.tndFzf/d65/rabadon bash native/rabadon-cli.sh status)
  FAIL - BLOCKED: [RABADON_MODE=silent projmode=silent machmode=enforce] 4.8 project layer — the screen is missing: name(".rabadon/mode = silent") where("/tmp/rabadon-statustruth.tndFzf/d65/proj/.rabadon/mode") next("rm /tmp/rabadon-statustruth.tndFzf/d65/proj/.rabadon/mode"); why: supervision is overridden by .rabadon/mode = silent and the screen never says so, so the operator reads a mode that is not in force and has no way to find the override; run: (cd /tmp/rabadon-statustruth.tndFzf/d65/proj && RABADON_DIR=/tmp/rabadon-statustruth.tndFzf/d65/rabadon bash native/rabadon-cli.sh status)
  FAIL - BLOCKED: [RABADON_MODE=silent projmode=silent machmode=enforce] escape — the screen said SILENT and printed no `next:` command at all; why: 4.9 says every state has an exit and the operator is now dormant with nothing to run; run: (cd /tmp/rabadon-statustruth.tndFzf/d65/proj && RABADON_DIR=/tmp/rabadon-statustruth.tndFzf/d65/rabadon bash native/rabadon-cli.sh status)
  ok   - [RABADON_MODE=silent projmode=silent machmode=silent] status — claim SILENT, gate exit 0 / 0 bytes (matches SILENT)
  ok   - [RABADON_MODE=silent projmode=silent machmode=silent] status/lamp — status says SILENT and the lamp says "off"
  FAIL - BLOCKED: [RABADON_MODE=silent projmode=silent machmode=silent] 4.8 env layer — the screen is missing: name("RABADON_MODE=silent") next("unset RABADON_MODE"); why: supervision is overridden by RABADON_MODE=silent and the screen never says so, so the operator reads a mode that is not in force and has no way to find the override; run: (cd /tmp/rabadon-statustruth.tndFzf/d66/proj && RABADON_DIR=/tmp/rabadon-statustruth.tndFzf/d66/rabadon bash native/rabadon-cli.sh status)
  FAIL - BLOCKED: [RABADON_MODE=silent projmode=silent machmode=silent] 4.8 project layer — the screen is missing: name(".rabadon/mode = silent") where("/tmp/rabadon-statustruth.tndFzf/d66/proj/.rabadon/mode") next("rm /tmp/rabadon-statustruth.tndFzf/d66/proj/.rabadon/mode"); why: supervision is overridden by .rabadon/mode = silent and the screen never says so, so the operator reads a mode that is not in force and has no way to find the override; run: (cd /tmp/rabadon-statustruth.tndFzf/d66/proj && RABADON_DIR=/tmp/rabadon-statustruth.tndFzf/d66/rabadon bash native/rabadon-cli.sh status)
  FAIL - BLOCKED: [RABADON_MODE=silent projmode=silent machmode=silent] 4.8 machine layer — the screen is missing: name("mode = silent") where("/tmp/rabadon-statustruth.tndFzf/d66/rabadon/mode") next("rabadon off"); why: supervision is overridden by mode = silent and the screen never says so, so the operator reads a mode that is not in force and has no way to find the override; run: (cd /tmp/rabadon-statustruth.tndFzf/d66/proj && RABADON_DIR=/tmp/rabadon-statustruth.tndFzf/d66/rabadon bash native/rabadon-cli.sh status)
  FAIL - BLOCKED: [RABADON_MODE=silent projmode=silent machmode=silent] escape — the screen said SILENT and printed no `next:` command at all; why: 4.9 says every state has an exit and the operator is now dormant with nothing to run; run: (cd /tmp/rabadon-statustruth.tndFzf/d66/proj && RABADON_DIR=/tmp/rabadon-statustruth.tndFzf/d66/rabadon bash native/rabadon-cli.sh status)

  ok   - positive control: at least one cell got a REAL refusal (gate exit 2), so the instrument works

routing pin: no shipped path sends on|off|status|toggle to bin/rabadon.mjs
  ok   - package.json bin.rabadon points at native/rabadon-cli.sh, not bin/rabadon.mjs
  ok   - the on|off|status arm goes straight to the gate binary, no rabadon.mjs in it
  ok   - the toggle arm goes straight to the gate binary, no rabadon.mjs in it
  ok   - package.json scripts has no on/off/status/toggle entry calling rabadon.mjs

  ok   - no file under the real ~/.rabadon was written by this suite

status truth: 130 ok / 32 fail
rc=1
----------------------------------------------------------------------

AND THE SAME SUITE AFTER THE FIX (e51e77a), same command, this checkout:
  $ bash native/status_truth_test.sh   ->  status truth: 162 ok / 0 fail  (exit 0)
