docs truth: the silencer table, executed against the real gate

  ok   - [env-off] the binary reports "RABADON_OFF=1" at "environment variable", next: unset RABADON_OFF
  ok   - [project-off] the binary reports ".rabadon/off" at "<project>/.rabadon/off", next: rm <project>/.rabadon/off
  ok   - [machine-silent] the binary reports "silent" at "$RABADON_DIR/silent", next: rabadon off
  ok   - [machine-mode] the binary reports "mode = silent" at "$RABADON_DIR/mode", next: rabadon off
  ok   - [project-mode] the binary reports ".rabadon/mode = silent" at "<project>/.rabadon/mode", next: rm <project>/.rabadon/mode
  ok   - [env-mode] the binary reports "RABADON_MODE=silent" at "environment variable", next: unset RABADON_MODE

docs truth: every row of the docs/commands.md table, set up and then lifted
  ok   - 3 silencer row(s) parsed out of docs/commands.md (the row count is the page's, not this file's)
  FAIL - BLOCKED: the binary can report silencer(s) docs/commands.md does not list: [.rabadon/off @ <project>/.rabadon/off] [silent @ $RABADON_DIR/silent] [mode = silent @ $RABADON_DIR/mode] [.rabadon/mode = silent @ <project>/.rabadon/mode] [RABADON_MODE=silent @ environment variable]; why: a silencer nobody documented is indistinguishable from a broken guard — the reader sees a dead gate, finds nothing on the page, and rips the tool out; run: bash native/docs_truth_test.sh
  FAIL - BLOCKED: docs/commands.md lists silencer(s) the binary never reports: [off file @ <project>/.rabadon/off] [silent file @ $RABADON_DIR/silent (default ~/.rabadon/silent)]; why: the reader is sent to check a switch that does not exist while the real one keeps them silent; run: bash native/docs_truth_test.sh
  ok   - row 1 "RABADON_OFF=1" — the page's command and the screen's `next:` are the same bytes: unset RABADON_OFF
  ok   - row 1 "RABADON_OFF=1" — `unset RABADON_OFF` really lifted the silence (gate now exit 2 / 399 bytes)
  FAIL - BLOCKED: row 2 "off file" — matched the binary only by location, not by name: the page says "off file" and the screen says ".rabadon/off"; why: two names for one silencer means the sentence a user greps for is not the sentence the product prints; run: bash native/docs_truth_test.sh
  ok   - row 2 "off file" — the page's command and the screen's `next:` are the same bytes: rm <project>/.rabadon/off
  ok   - row 2 "off file" — `rm <project>/.rabadon/off` really lifted the silence (gate now exit 2 / 399 bytes)
  FAIL - BLOCKED: row 3 "silent file" — matched the binary only by location, not by name: the page says "silent file" and the screen says "silent"; why: two names for one silencer means the sentence a user greps for is not the sentence the product prints; run: bash native/docs_truth_test.sh
  FAIL - BLOCKED: row 3 "silent file" — the page says `rm ~/.rabadon/silent` and the screen says `rabadon off`; why: the product hands a dormant operator one command and the manual hands them another, so one of the two surfaces is wrong and the reader has no way to tell which; run: bash native/docs_truth_test.sh
  FAIL - BLOCKED: row 3 "silent file" — after running the page's own command (`rm ~/.rabadon/silent`) the SAME event through the SAME binary is still exit 0 with 0 bytes, the SILENT signature; why: the manual prints an escape door that does not open, so the reader follows it, sees no change, and stays unguarded believing they fixed it; run: printf '{"hook_event_name":"PreToolUse","cwd":"/tmp/rabadon-docstruth.wwntgN/cell.DqvXSZ/proj","tool_name":"Bash","tool_input":{"command":"git push --force origin main"}}' | RABADON_DIR=/tmp/rabadon-docstruth.wwntgN/cell.DqvXSZ/rabadon /Users/damummyphus/damla_projects_2026/rabadon/native/rabadon-gate

docs truth: every behaviour claim in a marked block is bound to a live check
  FAIL - BLOCKED: docs/commands.md has no <!-- rabadon:claims-begin --> block; why: the registry only sees marked blocks, so an unmarked page can carry any claim about the gate with nothing holding it to the binary; run: grep -n 'rabadon:claims' docs/commands.md
  FAIL - BLOCKED: docs/faq.md has no <!-- rabadon:claims-begin --> block; why: the registry only sees marked blocks, so an unmarked page can carry any claim about the gate with nothing holding it to the binary; run: grep -n 'rabadon:claims' docs/faq.md
  FAIL - BLOCKED: docs/uninstall.md has no <!-- rabadon:claims-begin --> block; why: the registry only sees marked blocks, so an unmarked page can carry any claim about the gate with nothing holding it to the binary; run: grep -n 'rabadon:claims' docs/uninstall.md
  FAIL - BLOCKED: only 0 of 3 docs carry a marked claim block; why: all three said `rm ~/.rabadon/silent` on 2026-08-26 and the registry has to cover all three or the same wrong sentence survives on the pages it is not watching; run: grep -ln 'rabadon:claims-begin' docs/commands.md docs/faq.md docs/uninstall.md
  FAIL - BLOCKED: no claim line was found inside any marked block; why: the registry would then be checked against nothing and every row below would pass vacuously; run: grep -nE 'does NOT|will report|reports the|never|always|is not' docs/commands.md docs/faq.md docs/uninstall.md
  FAIL - BLOCKED: docs/claims.tsv has a row for docs/commands.md key 430912127 ("Was: "`rabadon off` does NOT remove any of these." Measured false, one row at a") that is no longer a claim line in that doc; why: a stale registry is a green for a sentence nobody is reading any more, and it hides the day the real sentence changed; run: grep -nE 'does NOT|will report|reports the|never|always|is not' docs/commands.md
  FAIL - BLOCKED: docs/claims.tsv has a row for docs/commands.md key 3509263132 ("- `rabadon off` is not a way out of `RABADON_OFF=1` — row one survives it.") that is no longer a claim line in that doc; why: a stale registry is a green for a sentence nobody is reading any more, and it hides the day the real sentence changed; run: grep -nE 'does NOT|will report|reports the|never|always|is not' docs/commands.md
  FAIL - BLOCKED: docs/claims.tsv has a row for docs/commands.md key 2726597602 ("- `rabadon off` is not a way out of `<project>/.rabadon/off` — row two survives.") that is no longer a claim line in that doc; why: a stale registry is a green for a sentence nobody is reading any more, and it hides the day the real sentence changed; run: grep -nE 'does NOT|will report|reports the|never|always|is not' docs/commands.md
  FAIL - BLOCKED: docs/claims.tsv has a row for docs/commands.md key 1515264114 ("- `rabadon off` is not a way out of `<project>/.rabadon/mode` — row five too.") that is no longer a claim line in that doc; why: a stale registry is a green for a sentence nobody is reading any more, and it hides the day the real sentence changed; run: grep -nE 'does NOT|will report|reports the|never|always|is not' docs/commands.md
  FAIL - BLOCKED: docs/claims.tsv has a row for docs/commands.md key 2891484147 ("- `rabadon off` is not a way out of `RABADON_MODE=silent` — nor row six.") that is no longer a claim line in that doc; why: a stale registry is a green for a sentence nobody is reading any more, and it hides the day the real sentence changed; run: grep -nE 'does NOT|will report|reports the|never|always|is not' docs/commands.md
  FAIL - BLOCKED: docs/claims.tsv has a row for docs/commands.md key 1778811931 ("Was: "with a silencer present, `rabadon on` will report ENFORCE."") that is no longer a claim line in that doc; why: a stale registry is a green for a sentence nobody is reading any more, and it hides the day the real sentence changed; run: grep -nE 'does NOT|will report|reports the|never|always|is not' docs/commands.md
  FAIL - BLOCKED: docs/claims.tsv has a row for docs/commands.md key 1375349123 ("Measured false: under a silencer `rabadon on` will report SILENT.") that is no longer a claim line in that doc; why: a stale registry is a green for a sentence nobody is reading any more, and it hides the day the real sentence changed; run: grep -nE 'does NOT|will report|reports the|never|always|is not' docs/commands.md
  FAIL - BLOCKED: docs/claims.tsv has a row for docs/commands.md key 3907903842 ("Was: "`rabadon status` reports the mode, not the silencer."") that is no longer a claim line in that doc; why: a stale registry is a green for a sentence nobody is reading any more, and it hides the day the real sentence changed; run: grep -nE 'does NOT|will report|reports the|never|always|is not' docs/commands.md
  FAIL - BLOCKED: docs/claims.tsv has a row for docs/commands.md key 3086677682 ("Measured false: `rabadon status` reports the silencer as well — by name, by") that is no longer a claim line in that doc; why: a stale registry is a green for a sentence nobody is reading any more, and it hides the day the real sentence changed; run: grep -nE 'does NOT|will report|reports the|never|always|is not' docs/commands.md
  FAIL - BLOCKED: docs/claims.tsv has a row for docs/commands.md key 3499644692 ("The sentence that was right and stays: `rabadon off` is not silence. After it") that is no longer a claim line in that doc; why: a stale registry is a green for a sentence nobody is reading any more, and it hides the day the real sentence changed; run: grep -nE 'does NOT|will report|reports the|never|always|is not' docs/commands.md
  FAIL - BLOCKED: docs/claims.tsv has a row for docs/commands.md key 2748892572 ("The table above always lists every silencer the binary can report; today that") that is no longer a claim line in that doc; why: a stale registry is a green for a sentence nobody is reading any more, and it hides the day the real sentence changed; run: grep -nE 'does NOT|will report|reports the|never|always|is not' docs/commands.md
  FAIL - BLOCKED: docs/claims.tsv has a row for docs/faq.md key 2555036853 ("measured false with `bash native/docs_truth_test.sh`: the screen reports the") that is no longer a claim line in that doc; why: a stale registry is a green for a sentence nobody is reading any more, and it hides the day the real sentence changed; run: grep -nE 'does NOT|will report|reports the|never|always|is not' docs/faq.md
  FAIL - BLOCKED: docs/claims.tsv has a row for docs/faq.md key 2287810221 ("`rabadon off` is not a way out of `RABADON_OFF=1`, `<project>/.rabadon/off`,") that is no longer a claim line in that doc; why: a stale registry is a green for a sentence nobody is reading any more, and it hides the day the real sentence changed; run: grep -nE 'does NOT|will report|reports the|never|always|is not' docs/faq.md
  FAIL - BLOCKED: docs/claims.tsv has a row for docs/uninstall.md key 3812176264 ("deleting that file alone is not enough, because `rabadon-gate --silent` writes") that is no longer a claim line in that doc; why: a stale registry is a green for a sentence nobody is reading any more, and it hides the day the real sentence changed; run: grep -nE 'does NOT|will report|reports the|never|always|is not' docs/uninstall.md
  FAIL - BLOCKED: docs/claims.tsv has a row for docs/uninstall.md key 2538984922 ("Measured false the same day: `rabadon status` reports the silencer by name, by") that is no longer a claim line in that doc; why: a stale registry is a green for a sentence nobody is reading any more, and it hides the day the real sentence changed; run: grep -nE 'does NOT|will report|reports the|never|always|is not' docs/uninstall.md
  FAIL - BLOCKED: docs/claims.tsv holds 15 rows but only 0 check(s) were run; why: the rest were skipped as stale above, so those sentences went unmeasured in a run that would otherwise look complete; run: bash native/docs_truth_test.sh
  ok   - no unregistered behaviour claim in any marked block

  ok   - positive control: at least one probe got a REAL refusal (gate exit 2), so the instrument works
  ok   - no file under the real ~/.rabadon was written by this suite

docs truth: 14 ok / 27 fail
