inject-answer: 1. INJECT carries the signature it is about, on the line itself
  ok   - the injection reached the agent (additionalContext on stdout)
  ok   - exactly one INJECT on the ledger
  FAIL - INJECT has no psig field — (b) cannot be judged once the ring rolls
  ok   - INJECT still carries mseq (6)
inject-answer: 2. INJECT_ANSWER — the first move after the injection, on the ledger
  FAIL - expected 1 INJECT_ANSWER, ledger has 0
  FAIL - INJECT_ANSWER psig '' does not match INJECT psig ''
  FAIL - INJECT_ANSWER sig is missing or equal to psig: ''
  FAIL - expected same=false on a changed move, got ''
  FAIL - INJECT_ANSWER mseq '' is not after INJECT mseq '6'
inject-answer: 3. the ring rolls past CAP=200 and (b) is STILL answerable
  ok   - the ring rolled: header counts 218 moves, CAP is 200
  ok   - the move the injection rode on (seq 6) has been evicted (oldest held: 18)
  FAIL - expected 1 INJECT_ANSWER after 210 further moves, got 0
  FAIL - (b) is NOT answerable after the roll: psig='' sig='' same=''
inject-answer: 4. same=true when the agent repeats itself — the field is not hardwired
  FAIL - expected the repeated move to carry psig, got sig='' psig=''
  FAIL - expected same=true when the agent repeats itself, got ''
inject-answer: 5. no injection, no answer
  ok   - a session with no injection writes no INJECT_ANSWER
inject-answer: 6 passed, 1 failed
