I'll start by reading the target file and the surrounding context.
[tool: Bash]
[tool: Read]
[tool: Bash]
[tool: Bash]
[tool: Bash]
[tool: Bash]
[tool: Bash]
[tool: Bash]
[tool: Bash]
[tool: Bash]
[tool: Bash]
[tool: Bash]
[tool: Bash]
[tool: Bash]
[tool: Bash]
[tool: Bash]
[tool: Write]
Now the DENEMELER block.
[tool: Bash]
[tool: Bash]
[tool: Bash]
**CHALLENGE-3 bloker DEĞİL. GOAL 5/6/7 ile kesişimi sıfır.**

`reports/R7/CHALLENGE-3.md` (68 satır, tur 8, OPEN) tek bir şey talep ediyor, o da **belgesel**: `KOSU-RABADON-2.md:63-69`'daki "yol uzunluğu sınırı R7 testinde assert edilir" cümlesi doğru yapılacak ya da silinecek — insan onaylı, kendi commit'inde. accept.sh'ta soketle ilgili tek satır yok:

```
$ grep -niE 'sun_path|ENAMETOOLONG|104|108|path.*(length|len|too long)' reports/R7/accept.sh  →  no match
$ grep -n 'sock_path_test' reports/R7/accept.sh                                               →  no match
```

GOAL 5 (`accept.sh:387-425`), 6 (`431-489`), 7 (`492-521`) tek üst-gerçeğe bağlı: `accept.sh:387`'deki `ls "$RD"/*.jsonl` boş. accept.sh'taki tek "uzunluk" işi GOAL 2c (`145`, `210-241`) ve o *ledger* uzunluğu — CHALLENGE-3 bunu kendi 24-25. satırında zaten ayırmış.

**Kabul (değiştirilmeden koşuldu):** `14 green, 12 red — R7 NOT ACCEPTED`. Tur 10 ile aynı.

---

**SORULMAYAN AMA ÖNEMLİ (döküm):**

- **CHALLENGE-3 metni bayat — teknik yarısı kapanmış.** Dosya "risk hiçbir testte kapsanmıyor" diyor; tur 8'de doğruydu, bugün değil. `native/sock_path_test.sh` `7d344ee`'de KIRMIZI doğmuş, bugün **3 ok / 0 FAIL**. Yetim de değil: `Makefile:856`, `test:` hedefi altında. Açık kalan tek şey cümle — ve hâlâ yanlış, çünkü assert `make test`'te, "R7 testi"nde değil.
- **Sayım hatası düzeltildi.** Tur 10 "12 kırmızının 9'u GOAL 5/6/7" diyor; doğrusu **10** (5a 5b 5c, 6a–6e, 7a 7b). Kalan iki kırmızı: 2b (medyan 1273.3 µs, tavan 1000 µs) ve 4d.
- **Sıradaki iş CHALLENGE-3 değil.** Ajan tarafında yapılacak iş kalmadı — insanın diff'i onaylaması gerekiyor. On kırmızı tek artefaktı bekliyor; GOAL 6'nın istediği alan adları accept.sh'ta yazılı (`heldout_pass`, token toplamları, müdahale sayıları, FP oranı, `estimated_saved`).

**DOĞRULANMADI:** hiçbiri temiz container'da koşulmadı (`sock_path_test.sh`'ın Linux/CAP=108 dalı hiç çalışmadı); CHALLENGE-3'ü bir insanın gördüğü gözlenmiş değil, dosyanın kendi durum satırı; önerilen diff'in bugünkü dosyaya temiz uyduğu denenmedi; iki kollu koşu denenmedi, on kırmızı okunarak teşhis edildi.

`reports/R7/TESHIS-CH3.md` + DENEMELER bloğu yazıldı, commit+push: `eca2061`.
**CHALLENGE-3 bloker DEĞİL. GOAL 5/6/7 ile kesişimi sıfır.**

`reports/R7/CHALLENGE-3.md` (68 satır, tur 8, OPEN) tek bir şey talep ediyor, o da **belgesel**: `KOSU-RABADON-2.md:63-69`'daki "yol uzunluğu sınırı R7 testinde assert edilir" cümlesi doğru yapılacak ya da silinecek — insan onaylı, kendi commit'inde. accept.sh'ta soketle ilgili tek satır yok:

```
$ grep -niE 'sun_path|ENAMETOOLONG|104|108|path.*(length|len|too long)' reports/R7/accept.sh  →  no match
$ grep -n 'sock_path_test' reports/R7/accept.sh                                               →  no match
```

GOAL 5 (`accept.sh:387-425`), 6 (`431-489`), 7 (`492-521`) tek üst-gerçeğe bağlı: `accept.sh:387`'deki `ls "$RD"/*.jsonl` boş. accept.sh'taki tek "uzunluk" işi GOAL 2c (`145`, `210-241`) ve o *ledger* uzunluğu — CHALLENGE-3 bunu kendi 24-25. satırında zaten ayırmış.

**Kabul (değiştirilmeden koşuldu):** `14 green, 12 red — R7 NOT ACCEPTED`. Tur 10 ile aynı.

---

**SORULMAYAN AMA ÖNEMLİ (döküm):**

- **CHALLENGE-3 metni bayat — teknik yarısı kapanmış.** Dosya "risk hiçbir testte kapsanmıyor" diyor; tur 8'de doğruydu, bugün değil. `native/sock_path_test.sh` `7d344ee`'de KIRMIZI doğmuş, bugün **3 ok / 0 FAIL**. Yetim de değil: `Makefile:856`, `test:` hedefi altında. Açık kalan tek şey cümle — ve hâlâ yanlış, çünkü assert `make test`'te, "R7 testi"nde değil.
- **Sayım hatası düzeltildi.** Tur 10 "12 kırmızının 9'u GOAL 5/6/7" diyor; doğrusu **10** (5a 5b 5c, 6a–6e, 7a 7b). Kalan iki kırmızı: 2b (medyan 1273.3 µs, tavan 1000 µs) ve 4d.
- **Sıradaki iş CHALLENGE-3 değil.** Ajan tarafında yapılacak iş kalmadı — insanın diff'i onaylaması gerekiyor. On kırmızı tek artefaktı bekliyor; GOAL 6'nın istediği alan adları accept.sh'ta yazılı (`heldout_pass`, token toplamları, müdahale sayıları, FP oranı, `estimated_saved`).

**DOĞRULANMADI:** hiçbiri temiz container'da koşulmadı (`sock_path_test.sh`'ın Linux/CAP=108 dalı hiç çalışmadı); CHALLENGE-3'ü bir insanın gördüğü gözlenmiş değil, dosyanın kendi durum satırı; önerilen diff'in bugünkü dosyaya temiz uyduğu denenmedi; iki kollu koşu denenmedi, on kırmızı okunarak teşhis edildi.

`reports/R7/TESHIS-CH3.md` + DENEMELER bloğu yazıldı, commit+push: `eca2061`.
