I'll start by reading PROJECT.md and the relevant scripts before running anything.
[tool: Bash]
[tool: Bash]
[tool: Read]
[tool: Read]
[tool: Bash]
[tool: Bash]
[tool: Bash]
[tool: Bash]
[tool: Bash]
[tool: Bash]
Now the one-line `accept.sh` fix, in its own commit first (so the 100-min run uses the corrected script).
[tool: Edit]
[tool: Bash]
[tool: Bash]
The defect is now proven, not just suspected — an alphabetically earlier `.jsonl` hijacks GOALs 5 and 6. Committing that fix alone.
[tool: Bash]
Starting the sampler in the background, `timeout`-wrapped per B1.9. It logs each sample to `reports/R7/YUK-2B-ORNEKLEME.log` as it lands.
[tool: Bash]
[tool: Bash]
[tool: Bash]
[tool: Bash]
The driver's stall watchdog kills a session after 1200 s of silence, so I'll poll in bounded ~9-minute waits rather than going quiet for 100 minutes.
[tool: Bash]
[tool: Bash]
[tool: Bash]
Sample 1: **3302.3 µs** at load 8.90 — *higher* than last turn's 1918.8 µs at load 9.63. Load alone doesn't explain the variance; I'll note that.
[tool: Bash]
Sample 2: **1846.2 µs** — a new record low, but still ~1.85× the 1000 µs ceiling.
[tool: Bash]
[tool: Bash]
Sample 3: **3002.8 µs**. Three samples in, the minimum is still 1846.2 µs.
[tool: Bash]
[tool: Bash]
[tool: Bash]
Sample 4: **2112.6 µs**. One sample left; the minimum holds at 1846.2 µs.
[tool: Bash]
[tool: Bash]
All 5 samples in. **Verdict: 2b is definitively RED** — lowest observation 1218.3 µs, above the 1000 µs ceiling.
[tool: Bash]
[tool: Bash]
[tool: Bash]
[tool: Bash]
[tool: Bash]
Before writing the report I need to flag something: the sampler's own verdict logic is inverted. Let me verify that carefully.
[tool: Bash]
[tool: Write]
Now the deneme 27 block.
[tool: Bash]
[tool: Write]
[tool: Bash]
[tool: Bash]
[tool: Bash]
[tool: Bash]
[tool: Bash]
The B1.9 residual-process guard reported `rabadon-gated 0`, but a stray one is alive. Checking why.
[tool: Bash]
Found a second, worse defect — and it's provable. Let me document it.
[tool: Bash]
Tur 21 bitti, commit+push edildi (`f7623d6`).

## Ölçüm — 5/5 örnek, hepsi tavanın üstünde

| örnek | 1 dk yük | medyan (µs) |
|---|---|---|
| 1 | 8.90 | 3302.3 |
| 2 | 2.41 | 1846.2 |
| 3 | 5.12 | 3002.8 |
| 4 | 6.48 | 2112.6 |
| 5 | 3.67 | **1218.3** |

**1000 µs'nin altına İNİLMEDİ.** En iyi gözlem tavanın %22 üstünde. Kabul: **23 yeşil / 3 kırmızı**, tur 20'yle aynı üç kırmızı (2b, 6e, 7b). `accept.turn21.out` kaydedildi.

`accept.sh` düzeltmesi kendi commit'inde (`6312f51`), örnekleyiciden **önce** koşuldu ki beş ölçüm de aynı betikle alınsın. Kusuru şüphe olarak bırakmadım, ürettim: üç jsonl'li bir dizine `AAA_yeni.jsonl` koyunca eski satır onu seçiyor — GOAL 5 ve 6'nın tamamı sessizce yanlış dosyaya bakabilirdi. `5a` artık `(ab_run.jsonl)` yazıyor.

## Sorulmayan ama önemli — iki kusur buldum, ikisi de `olc_2b.sh`'ta, ikisini de DÜZELTMEDİM

**1. Hükmün mantığı ters.** Betik "en düşük gözlem = temiz değerin ALT sınırı" diyor ve `min ≥ 1000 → KESİN KIRMIZI` basıyor. Kendi fizik önermesi (`ölçülen ≥ temiz`) bunun tersini verir: min, temiz değerin **ÜST** sınırıdır. Tek geçerli çıkarım `temiz ≤ 1218,3 µs` — bu `< 1000`'i dışlamaz. Yani **"makine bahanesi bitti" cümlesi kurulamaz.** 2b yine de kırmızı (kabul ölçütü bu makinenin medyanı: 1228,1 µs); değişen sadece kırmızının etiketi.

Destekleyici ama **kanıt olmayan** veri: yük–latans r = +0,737, doğrusal uyum yük=0'da 970 µs kesişimi veriyor. 5 noktalı ekstrapolasyon, hiçbir yerde yeşil saymadım.

**2. B1.9 artık-süreç kontrolü kırmızıya dönemiyor.** `pgrep -c` macOS BSD'de yok — komut usage hatası veriyor, `|| echo 0` devreye giriyor, kontrol **her zaman 0 basıyor**. Beş ölçümün beşi de 15:12'den beri ayakta olan `/tmp/sprof/dmn/rabadon-gated-sprof` (PID 60547, 6 sa 23 dk) canlıyken alındı, rapor beş kez "rabadon-gated 0" yazdı.

İkisi de `CHALLENGE-5.md`'ye yazıldı, insan onayı bekliyor. `olc_2b.sh`'a dokunmadım.

## DOĞRULANMADI

- 2b'nin **temiz ortam** değeri ölçülmedi — bu worktree'de 1 dk yükü hiç 2,41'in altına inmedi.
- Yük–latans doğrusallığı varsayım, ölçülmedi.
- Stray daemon'ın ölçümü ne kadar kirlettiği ölçülmedi (öldürmedim, kanıt olarak duruyor — `kill 60547`).
- 2c **%3,35 → %6,50**'ye çıktı. %10 tavanı altında ama R1.3'ün %3,5-4,9 bandını aştı; latans düştükçe daha da büyür. Trend yanlış yönde.
- `YUK-2B-ORNEKLEME.log` gitignore'da, commit edilmedi — sayılar `YUK-2B.md`'de (takipli).
- Hiçbir şey temiz klonda doğrulanmadı.

**Senin kararın:** 2b temiz bir container'da mı ölçülecek, yoksa "bu makinede kırmızı" etiketiyle mi kapanacak?
Tur 21 bitti, commit+push edildi (`f7623d6`).

## Ölçüm — 5/5 örnek, hepsi tavanın üstünde

| örnek | 1 dk yük | medyan (µs) |
|---|---|---|
| 1 | 8.90 | 3302.3 |
| 2 | 2.41 | 1846.2 |
| 3 | 5.12 | 3002.8 |
| 4 | 6.48 | 2112.6 |
| 5 | 3.67 | **1218.3** |

**1000 µs'nin altına İNİLMEDİ.** En iyi gözlem tavanın %22 üstünde. Kabul: **23 yeşil / 3 kırmızı**, tur 20'yle aynı üç kırmızı (2b, 6e, 7b). `accept.turn21.out` kaydedildi.

`accept.sh` düzeltmesi kendi commit'inde (`6312f51`), örnekleyiciden **önce** koşuldu ki beş ölçüm de aynı betikle alınsın. Kusuru şüphe olarak bırakmadım, ürettim: üç jsonl'li bir dizine `AAA_yeni.jsonl` koyunca eski satır onu seçiyor — GOAL 5 ve 6'nın tamamı sessizce yanlış dosyaya bakabilirdi. `5a` artık `(ab_run.jsonl)` yazıyor.

## Sorulmayan ama önemli — iki kusur buldum, ikisi de `olc_2b.sh`'ta, ikisini de DÜZELTMEDİM

**1. Hükmün mantığı ters.** Betik "en düşük gözlem = temiz değerin ALT sınırı" diyor ve `min ≥ 1000 → KESİN KIRMIZI` basıyor. Kendi fizik önermesi (`ölçülen ≥ temiz`) bunun tersini verir: min, temiz değerin **ÜST** sınırıdır. Tek geçerli çıkarım `temiz ≤ 1218,3 µs` — bu `< 1000`'i dışlamaz. Yani **"makine bahanesi bitti" cümlesi kurulamaz.** 2b yine de kırmızı (kabul ölçütü bu makinenin medyanı: 1228,1 µs); değişen sadece kırmızının etiketi.

Destekleyici ama **kanıt olmayan** veri: yük–latans r = +0,737, doğrusal uyum yük=0'da 970 µs kesişimi veriyor. 5 noktalı ekstrapolasyon, hiçbir yerde yeşil saymadım.

**2. B1.9 artık-süreç kontrolü kırmızıya dönemiyor.** `pgrep -c` macOS BSD'de yok — komut usage hatası veriyor, `|| echo 0` devreye giriyor, kontrol **her zaman 0 basıyor**. Beş ölçümün beşi de 15:12'den beri ayakta olan `/tmp/sprof/dmn/rabadon-gated-sprof` (PID 60547, 6 sa 23 dk) canlıyken alındı, rapor beş kez "rabadon-gated 0" yazdı.

İkisi de `CHALLENGE-5.md`'ye yazıldı, insan onayı bekliyor. `olc_2b.sh`'a dokunmadım.

## DOĞRULANMADI

- 2b'nin **temiz ortam** değeri ölçülmedi — bu worktree'de 1 dk yükü hiç 2,41'in altına inmedi.
- Yük–latans doğrusallığı varsayım, ölçülmedi.
- Stray daemon'ın ölçümü ne kadar kirlettiği ölçülmedi (öldürmedim, kanıt olarak duruyor — `kill 60547`).
- 2c **%3,35 → %6,50**'ye çıktı. %10 tavanı altında ama R1.3'ün %3,5-4,9 bandını aştı; latans düştükçe daha da büyür. Trend yanlış yönde.
- `YUK-2B-ORNEKLEME.log` gitignore'da, commit edilmedi — sayılar `YUK-2B.md`'de (takipli).
- Hiçbir şey temiz klonda doğrulanmadı.

**Senin kararın:** 2b temiz bir container'da mı ölçülecek, yoksa "bu makinede kırmızı" etiketiyle mi kapanacak?
