Önce dosyaları okuyayım — durum uydurmadan.
[tool: Bash]
[tool: Bash]
[tool: Read]
[tool: Read]
[tool: Bash]
[tool: Bash]
[tool: Bash]
[tool: Bash]
[tool: Bash]
[tool: Bash]
[tool: Bash]
[tool: Bash]
[tool: Bash]
**Ben tur 4'ün yapan oturumuyum** — `4.out.raw` benim kendi transcript'im. 3.karar bana talimat olarak geldi: yanlış yönlendirmenin kanıtı bu.
[tool: Bash]
[tool: Bash]
[tool: Bash]
[tool: Bash]
[tool: Bash]
[tool: Bash]
[tool: Bash]
[tool: Bash]
Ağ erişimi var, hash gerçek. Şimdi engellenmemiş işi yapıyorum (§A1: "bu arada ortak iş — harness seçimi/kurulumu — başlayabilir").
[tool: Write]
[tool: Bash]
[tool: Bash]
[tool: Bash]
[tool: Bash]
Push doğrulandı (`2aef4ee` = `origin/kosu2`).

---

## TUR 4 RAPORU

**Bu oturum yanlış yönlendirmenin kanıtıdır.** `reports/kosu/son.talimat` == `reports/kosu/3.karar` — bir `OPERATÖR:` sorusu bana talimat olarak geldi.

### CHALLENGE: "sürücü bozuk" teşhisi yanlış — bozuk olan belge

Tur 3 "`kos.sh` sadece ilk satıra bakıyor, bug" dedi. Kanıt tersini söylüyor:

- `scripts/kos.sh:253` `ilk=... | head -1`, `:255` `OPERATÖR*|OPERATOR*)` — ilk satıra bakıyor.
- `docs/DEGERLENDIREN.md:40` bunu zaten garanti ediyor: *"İLK SATIR biçimi belirler."*

Sürücü belgeye birebir uyuyor. Kök sebep: **belge kendisiyle çelişiyor.** Satır 18 "TEKRAR KONTROLÜ (her kararda **ilk iş**)" diyor, satır 40 ilk satırın biçim etiketi olmasını şart koşuyor. İkisi aynı satır için yarışıyor, 18 kazanıyor. `GUNLUK.tsv` üç turun **üçünde de** bunu gösteriyor — hiçbir kararın ilk satırı biçim etiketi değil. Tur 1–2 zaten talimattı, zararsızdı; hata ancak tur 3 operatör sorusu olunca göründü. Bu bir kaza değil, üç turdur sessiz çalışan bir belge hatası.

Önerilen diff `reports/kosu/DENEMELER.md` deneme 2'de duruyor — **uygulamadım.** Tur 3 bunu operatöre sordu, operatör cevaplamadı; yapan oturumun onu sessizce uygulaması gate redefinition olurdu.

### İkinci bulgu (sorulmamıştı): tur 3 protokolü ihlal etti

Harness seçimini operatöre sormak `DEGERLENDIREN.md:16`'nın açık ihlali ("operatöre teknik soru GİTMEZ"), ve `KOSU-RABADON-2.md §A1` harness seçimini zaten *"bu arada başlayabilecek ortak iş"* sayıyor — operatör sorusu değil. Bu yüzden bekletmedim, seçtim.

### Yapılan iş — ölçüm

`reports/R7/HARNESS.md`: **SWE-bench/SWE-smith @ `057f0478b6918bfcd89a51ceeec7229c60bb1028`** (tag v0.0.6). Hash uzak repodan `git ls-remote --tags` ile çözüldü, elle yazılmadı. Hareketli HEAD değil sabit tag.

Gerekçe metrikten türetildi, zevkten değil: `accept.sh:341` her görevde `heldout_pass`, `:309` `instance_id` istiyor — SWE-bench sözlüğü. Terminal-Bench saklı-test onarım oranı üretmez, seçilseydi 6a–6e ham veriden doldurulamazdı.

```
./reports/R7/accept.sh   4 yeşil / 22 kırmızı  ->  6 yeşil / 20 kırmızı
```

**4d bilerek kırmızı bırakıldı.** Hazırlık (.git temizliği vs.) henüz yapılmadı; yazsaydım `accept.sh`'in "NO ASSERTION MAY PASS VACUOUSLY" kuralını çiğneyip boş yeşil üretirdim.

Commit `2aef4ee`, push doğrulandı.

### DOĞRULANMADI

- Önerilen belge diff'i uygulanmadı ve **test edilmedi** — gerçekten `OPERATÖR:` durağını çalıştırır mı, ölçülmedi.
- SWE-smith v0.0.6'nın iki kollu koşuya fiilen uyup uymadığı (kurulum, görev sayısı, çalışma süresi) denenmedi. Yalnız isim + hash sabitlendi.
- `reports/kosu/OPERATOR.md` hiç yaratılmadı — şu an operatörün cevap verebileceği bir kanal **yok**; sürücü bekleme döngüsüne hiç girmedi. Sürücü (pid 24398) hâlâ canlı.
- R7a/R7b bölünmesi hakkında hiçbir şey yapmadım; o gerçekten operatör kararı.

### DEĞERLENDİRENE

Bir sonraki kararın **ilk satırı tam olarak `OPERATÖR:` olmalı**, üstünde `TEKRAR KONTROLÜ:` satırı OLMAMALI — yoksa soru yine bana talimat olarak düşer. Tekrar kontrolünü ikinci satıra yaz. Operatöre kalan tek gerçek soru R7a/R7b bölünmesi + belge diff'inin onayı; harness sorusu düştü.
Push doğrulandı (`2aef4ee` = `origin/kosu2`).

---

## TUR 4 RAPORU

**Bu oturum yanlış yönlendirmenin kanıtıdır.** `reports/kosu/son.talimat` == `reports/kosu/3.karar` — bir `OPERATÖR:` sorusu bana talimat olarak geldi.

### CHALLENGE: "sürücü bozuk" teşhisi yanlış — bozuk olan belge

Tur 3 "`kos.sh` sadece ilk satıra bakıyor, bug" dedi. Kanıt tersini söylüyor:

- `scripts/kos.sh:253` `ilk=... | head -1`, `:255` `OPERATÖR*|OPERATOR*)` — ilk satıra bakıyor.
- `docs/DEGERLENDIREN.md:40` bunu zaten garanti ediyor: *"İLK SATIR biçimi belirler."*

Sürücü belgeye birebir uyuyor. Kök sebep: **belge kendisiyle çelişiyor.** Satır 18 "TEKRAR KONTROLÜ (her kararda **ilk iş**)" diyor, satır 40 ilk satırın biçim etiketi olmasını şart koşuyor. İkisi aynı satır için yarışıyor, 18 kazanıyor. `GUNLUK.tsv` üç turun **üçünde de** bunu gösteriyor — hiçbir kararın ilk satırı biçim etiketi değil. Tur 1–2 zaten talimattı, zararsızdı; hata ancak tur 3 operatör sorusu olunca göründü. Bu bir kaza değil, üç turdur sessiz çalışan bir belge hatası.

Önerilen diff `reports/kosu/DENEMELER.md` deneme 2'de duruyor — **uygulamadım.** Tur 3 bunu operatöre sordu, operatör cevaplamadı; yapan oturumun onu sessizce uygulaması gate redefinition olurdu.

### İkinci bulgu (sorulmamıştı): tur 3 protokolü ihlal etti

Harness seçimini operatöre sormak `DEGERLENDIREN.md:16`'nın açık ihlali ("operatöre teknik soru GİTMEZ"), ve `KOSU-RABADON-2.md §A1` harness seçimini zaten *"bu arada başlayabilecek ortak iş"* sayıyor — operatör sorusu değil. Bu yüzden bekletmedim, seçtim.

### Yapılan iş — ölçüm

`reports/R7/HARNESS.md`: **SWE-bench/SWE-smith @ `057f0478b6918bfcd89a51ceeec7229c60bb1028`** (tag v0.0.6). Hash uzak repodan `git ls-remote --tags` ile çözüldü, elle yazılmadı. Hareketli HEAD değil sabit tag.

Gerekçe metrikten türetildi, zevkten değil: `accept.sh:341` her görevde `heldout_pass`, `:309` `instance_id` istiyor — SWE-bench sözlüğü. Terminal-Bench saklı-test onarım oranı üretmez, seçilseydi 6a–6e ham veriden doldurulamazdı.

```
./reports/R7/accept.sh   4 yeşil / 22 kırmızı  ->  6 yeşil / 20 kırmızı
```

**4d bilerek kırmızı bırakıldı.** Hazırlık (.git temizliği vs.) henüz yapılmadı; yazsaydım `accept.sh`'in "NO ASSERTION MAY PASS VACUOUSLY" kuralını çiğneyip boş yeşil üretirdim.

Commit `2aef4ee`, push doğrulandı.

### DOĞRULANMADI

- Önerilen belge diff'i uygulanmadı ve **test edilmedi** — gerçekten `OPERATÖR:` durağını çalıştırır mı, ölçülmedi.
- SWE-smith v0.0.6'nın iki kollu koşuya fiilen uyup uymadığı (kurulum, görev sayısı, çalışma süresi) denenmedi. Yalnız isim + hash sabitlendi.
- `reports/kosu/OPERATOR.md` hiç yaratılmadı — şu an operatörün cevap verebileceği bir kanal **yok**; sürücü bekleme döngüsüne hiç girmedi. Sürücü (pid 24398) hâlâ canlı.
- R7a/R7b bölünmesi hakkında hiçbir şey yapmadım; o gerçekten operatör kararı.

### DEĞERLENDİRENE

Bir sonraki kararın **ilk satırı tam olarak `OPERATÖR:` olmalı**, üstünde `TEKRAR KONTROLÜ:` satırı OLMAMALI — yoksa soru yine bana talimat olarak düşer. Tekrar kontrolünü ikinci satıra yaz. Operatöre kalan tek gerçek soru R7a/R7b bölünmesi + belge diff'inin onayı; harness sorusu düştü.
